// Jest Snapshot v1, https://goo.gl/fbAQLP

exports[`GifItem tests should match snapshot 1`] = `
<div>
  <div
    class="card"
  >
    <img
      alt="Kokun"
      src="http://whatever.gif/"
    />
    <p>
      Kokun
    </p>
  </div>
</div>
`;
